Analysis & Synthesis report for Do_an
Thu May 07 10:25:32 2026
Quartus II 64-Bit Version 13.0.1 Build 232 06/12/2013 Service Pack 1 SJ Web Edition


---------------------
; Table of Contents ;
---------------------
  1. Legal Notice
  2. Analysis & Synthesis Summary
  3. Analysis & Synthesis Settings
  4. Parallel Compilation
  5. Analysis & Synthesis Source Files Read
  6. Analysis & Synthesis Resource Usage Summary
  7. Analysis & Synthesis Resource Utilization by Entity
  8. State Machine - |Lock_System_Top|Top_LCD:u_lcd_display|disp_state
  9. State Machine - |Lock_System_Top|Top_LCD:u_lcd_display|LCD_Controller:u_lcd|state
 10. State Machine - |Lock_System_Top|Lock_Controller:u_control|state
 11. State Machine - |Lock_System_Top|keypad_scanner:u_scanner|state
 12. Registers Removed During Synthesis
 13. Removed Registers Triggering Further Register Optimizations
 14. General Register Statistics
 15. Inverted Register Statistics
 16. Multiplexer Restructuring Statistics (Restructuring Performed)
 17. Elapsed Time Per Partition
 18. Analysis & Synthesis Messages
 19. Analysis & Synthesis Suppressed Messages



----------------
; Legal Notice ;
----------------
Copyright (C) 1991-2013 Altera Corporation
Your use of Altera Corporation's design tools, logic functions 
and other software and tools, and its AMPP partner logic 
functions, and any output files from any of the foregoing 
(including device programming or simulation files), and any 
associated documentation or information are expressly subject 
to the terms and conditions of the Altera Program License 
Subscription Agreement, Altera MegaCore Function License 
Agreement, or other applicable license agreement, including, 
without limitation, that your use is for the sole purpose of 
programming logic devices manufactured by Altera and sold by 
Altera or its authorized distributors.  Please refer to the 
applicable agreement for further details.



+--------------------------------------------------------------------------------------+
; Analysis & Synthesis Summary                                                         ;
+------------------------------------+-------------------------------------------------+
; Analysis & Synthesis Status        ; Successful - Thu May 07 10:25:32 2026           ;
; Quartus II 64-Bit Version          ; 13.0.1 Build 232 06/12/2013 SP 1 SJ Web Edition ;
; Revision Name                      ; Do_an                                           ;
; Top-level Entity Name              ; Lock_System_Top                                 ;
; Family                             ; Cyclone II                                      ;
; Total logic elements               ; 416                                             ;
;     Total combinational functions  ; 371                                             ;
;     Dedicated logic registers      ; 208                                             ;
; Total registers                    ; 208                                             ;
; Total pins                         ; 22                                              ;
; Total virtual pins                 ; 0                                               ;
; Total memory bits                  ; 0                                               ;
; Embedded Multiplier 9-bit elements ; 0                                               ;
; Total PLLs                         ; 0                                               ;
+------------------------------------+-------------------------------------------------+


+----------------------------------------------------------------------------------------------------------------------+
; Analysis & Synthesis Settings                                                                                        ;
+----------------------------------------------------------------------------+--------------------+--------------------+
; Option                                                                     ; Setting            ; Default Value      ;
+----------------------------------------------------------------------------+--------------------+--------------------+
; Device                                                                     ; EP2C35F672C8       ;                    ;
; Top-level entity name                                                      ; Lock_System_Top    ; Do_an              ;
; Family name                                                                ; Cyclone II         ; Cyclone IV GX      ;
; Use smart compilation                                                      ; Off                ; Off                ;
; Enable parallel Assembler and TimeQuest Timing Analyzer during compilation ; On                 ; On                 ;
; Enable compact report table                                                ; Off                ; Off                ;
; Restructure Multiplexers                                                   ; Auto               ; Auto               ;
; Create Debugging Nodes for IP Cores                                        ; Off                ; Off                ;
; Preserve fewer node names                                                  ; On                 ; On                 ;
; Disable OpenCore Plus hardware evaluation                                  ; Off                ; Off                ;
; Verilog Version                                                            ; Verilog_2001       ; Verilog_2001       ;
; VHDL Version                                                               ; VHDL_1993          ; VHDL_1993          ;
; State Machine Processing                                                   ; Auto               ; Auto               ;
; Safe State Machine                                                         ; Off                ; Off                ;
; Extract Verilog State Machines                                             ; On                 ; On                 ;
; Extract VHDL State Machines                                                ; On                 ; On                 ;
; Ignore Verilog initial constructs                                          ; Off                ; Off                ;
; Iteration limit for constant Verilog loops                                 ; 5000               ; 5000               ;
; Iteration limit for non-constant Verilog loops                             ; 250                ; 250                ;
; Add Pass-Through Logic to Inferred RAMs                                    ; On                 ; On                 ;
; Infer RAMs from Raw Logic                                                  ; On                 ; On                 ;
; Parallel Synthesis                                                         ; On                 ; On                 ;
; DSP Block Balancing                                                        ; Auto               ; Auto               ;
; NOT Gate Push-Back                                                         ; On                 ; On                 ;
; Power-Up Don't Care                                                        ; On                 ; On                 ;
; Remove Redundant Logic Cells                                               ; Off                ; Off                ;
; Remove Duplicate Registers                                                 ; On                 ; On                 ;
; Ignore CARRY Buffers                                                       ; Off                ; Off                ;
; Ignore CASCADE Buffers                                                     ; Off                ; Off                ;
; Ignore GLOBAL Buffers                                                      ; Off                ; Off                ;
; Ignore ROW GLOBAL Buffers                                                  ; Off                ; Off                ;
; Ignore LCELL Buffers                                                       ; Off                ; Off                ;
; Ignore SOFT Buffers                                                        ; On                 ; On                 ;
; Limit AHDL Integers to 32 Bits                                             ; Off                ; Off                ;
; Optimization Technique                                                     ; Balanced           ; Balanced           ;
; Carry Chain Length                                                         ; 70                 ; 70                 ;
; Auto Carry Chains                                                          ; On                 ; On                 ;
; Auto Open-Drain Pins                                                       ; On                 ; On                 ;
; Perform WYSIWYG Primitive Resynthesis                                      ; Off                ; Off                ;
; Auto ROM Replacement                                                       ; On                 ; On                 ;
; Auto RAM Replacement                                                       ; On                 ; On                 ;
; Auto Shift Register Replacement                                            ; Auto               ; Auto               ;
; Allow Shift Register Merging across Hierarchies                            ; Auto               ; Auto               ;
; Auto Clock Enable Replacement                                              ; On                 ; On                 ;
; Strict RAM Replacement                                                     ; Off                ; Off                ;
; Allow Synchronous Control Signals                                          ; On                 ; On                 ;
; Force Use of Synchronous Clear Signals                                     ; Off                ; Off                ;
; Auto RAM to Logic Cell Conversion                                          ; Off                ; Off                ;
; Auto Resource Sharing                                                      ; Off                ; Off                ;
; Allow Any RAM Size For Recognition                                         ; Off                ; Off                ;
; Allow Any ROM Size For Recognition                                         ; Off                ; Off                ;
; Allow Any Shift Register Size For Recognition                              ; Off                ; Off                ;
; Use LogicLock Constraints during Resource Balancing                        ; On                 ; On                 ;
; Ignore translate_off and synthesis_off directives                          ; Off                ; Off                ;
; Timing-Driven Synthesis                                                    ; Off                ; Off                ;
; Report Parameter Settings                                                  ; On                 ; On                 ;
; Report Source Assignments                                                  ; On                 ; On                 ;
; Report Connectivity Checks                                                 ; On                 ; On                 ;
; Ignore Maximum Fan-Out Assignments                                         ; Off                ; Off                ;
; Synchronization Register Chain Length                                      ; 2                  ; 2                  ;
; PowerPlay Power Optimization                                               ; Normal compilation ; Normal compilation ;
; HDL message level                                                          ; Level2             ; Level2             ;
; Suppress Register Optimization Related Messages                            ; Off                ; Off                ;
; Number of Removed Registers Reported in Synthesis Report                   ; 5000               ; 5000               ;
; Number of Swept Nodes Reported in Synthesis Report                         ; 5000               ; 5000               ;
; Number of Inverted Registers Reported in Synthesis Report                  ; 100                ; 100                ;
; Clock MUX Protection                                                       ; On                 ; On                 ;
; Auto Gated Clock Conversion                                                ; Off                ; Off                ;
; Block Design Naming                                                        ; Auto               ; Auto               ;
; SDC constraint protection                                                  ; Off                ; Off                ;
; Synthesis Effort                                                           ; Auto               ; Auto               ;
; Shift Register Replacement - Allow Asynchronous Clear Signal               ; On                 ; On                 ;
; Pre-Mapping Resynthesis Optimization                                       ; Off                ; Off                ;
; Analysis & Synthesis Message Level                                         ; Medium             ; Medium             ;
; Disable Register Merging Across Hierarchies                                ; Auto               ; Auto               ;
; Resource Aware Inference For Block RAM                                     ; On                 ; On                 ;
; Synthesis Seed                                                             ; 1                  ; 1                  ;
+----------------------------------------------------------------------------+--------------------+--------------------+


Parallel compilation was disabled, but you have multiple processors available. Enable parallel compilation to reduce compilation time.
+-------------------------------------+
; Parallel Compilation                ;
+----------------------------+--------+
; Processors                 ; Number ;
+----------------------------+--------+
; Number detected on machine ; 8      ;
; Maximum allowed            ; 1      ;
+----------------------------+--------+


+-----------------------------------------------------------------------------------------------------------------------------------------------------------------------+
; Analysis & Synthesis Source Files Read                                                                                                                                ;
+----------------------------------+-----------------+------------------------+-------------------------------------------------------------------------------+---------+
; File Name with User-Entered Path ; Used in Netlist ; File Type              ; File Name with Absolute Path                                                  ; Library ;
+----------------------------------+-----------------+------------------------+-------------------------------------------------------------------------------+---------+
; Top_LCD.v                        ; yes             ; User Verilog HDL File  ; C:/Users/tgiah/HDL/doan/Digital-Lock-Using-Altera-DE2-board/Top_LCD.v         ;         ;
; LCD_Controller.v                 ; yes             ; User Verilog HDL File  ; C:/Users/tgiah/HDL/doan/Digital-Lock-Using-Altera-DE2-board/LCD_Controller.v  ;         ;
; keypad_scanner.v                 ; yes             ; User Verilog HDL File  ; C:/Users/tgiah/HDL/doan/Digital-Lock-Using-Altera-DE2-board/keypad_scanner.v  ;         ;
; clk_divider.v                    ; yes             ; User Verilog HDL File  ; C:/Users/tgiah/HDL/doan/Digital-Lock-Using-Altera-DE2-board/clk_divider.v     ;         ;
; Lock_Controller.v                ; yes             ; User Verilog HDL File  ; C:/Users/tgiah/HDL/doan/Digital-Lock-Using-Altera-DE2-board/Lock_Controller.v ;         ;
; Lock_System_Top.v                ; yes             ; User Verilog HDL File  ; C:/Users/tgiah/HDL/doan/Digital-Lock-Using-Altera-DE2-board/Lock_System_Top.v ;         ;
+----------------------------------+-----------------+------------------------+-------------------------------------------------------------------------------+---------+


+--------------------------------------------------------+
; Analysis & Synthesis Resource Usage Summary            ;
+---------------------------------------------+----------+
; Resource                                    ; Usage    ;
+---------------------------------------------+----------+
; Estimated Total logic elements              ; 416      ;
;                                             ;          ;
; Total combinational functions               ; 371      ;
; Logic element usage by number of LUT inputs ;          ;
;     -- 4 input functions                    ; 200      ;
;     -- 3 input functions                    ; 58       ;
;     -- <=2 input functions                  ; 113      ;
;                                             ;          ;
; Logic elements by mode                      ;          ;
;     -- normal mode                          ; 308      ;
;     -- arithmetic mode                      ; 63       ;
;                                             ;          ;
; Total registers                             ; 208      ;
;     -- Dedicated logic registers            ; 208      ;
;     -- I/O registers                        ; 0        ;
;                                             ;          ;
; I/O pins                                    ; 22       ;
; Embedded Multiplier 9-bit elements          ; 0        ;
; Maximum fan-out node                        ; CLOCK_50 ;
; Maximum fan-out                             ; 174      ;
; Total fan-out                               ; 1880     ;
; Average fan-out                             ; 3.13     ;
+---------------------------------------------+----------+


+-------------------------------------------------------------------------------------------------------------------------------------------------------------------------------------------------------------------------+
; Analysis & Synthesis Resource Utilization by Entity                                                                                                                                                                     ;
+--------------------------------+-------------------+--------------+-------------+--------------+---------+-----------+------+--------------+-------------------------------------------------------------+--------------+
; Compilation Hierarchy Node     ; LC Combinationals ; LC Registers ; Memory Bits ; DSP Elements ; DSP 9x9 ; DSP 18x18 ; Pins ; Virtual Pins ; Full Hierarchy Name                                         ; Library Name ;
+--------------------------------+-------------------+--------------+-------------+--------------+---------+-----------+------+--------------+-------------------------------------------------------------+--------------+
; |Lock_System_Top               ; 371 (0)           ; 208 (0)      ; 0           ; 0            ; 0       ; 0         ; 22   ; 0            ; |Lock_System_Top                                            ; work         ;
;    |Lock_Controller:u_control| ; 139 (139)         ; 81 (81)      ; 0           ; 0            ; 0       ; 0         ; 0    ; 0            ; |Lock_System_Top|Lock_Controller:u_control                  ; work         ;
;    |Top_LCD:u_lcd_display|     ; 164 (117)         ; 97 (59)      ; 0           ; 0            ; 0       ; 0         ; 0    ; 0            ; |Lock_System_Top|Top_LCD:u_lcd_display                      ; work         ;
;       |LCD_Controller:u_lcd|   ; 47 (47)           ; 38 (38)      ; 0           ; 0            ; 0       ; 0         ; 0    ; 0            ; |Lock_System_Top|Top_LCD:u_lcd_display|LCD_Controller:u_lcd ; work         ;
;    |clk_divider:u_clk_div|     ; 24 (24)           ; 17 (17)      ; 0           ; 0            ; 0       ; 0         ; 0    ; 0            ; |Lock_System_Top|clk_divider:u_clk_div                      ; work         ;
;    |keypad_scanner:u_scanner|  ; 44 (44)           ; 13 (13)      ; 0           ; 0            ; 0       ; 0         ; 0    ; 0            ; |Lock_System_Top|keypad_scanner:u_scanner                   ; work         ;
+--------------------------------+-------------------+--------------+-------------+--------------+---------+-----------+------+--------------+-------------------------------------------------------------+--------------+
Note: For table entries with two numbers listed, the numbers in parentheses indicate the number of resources of the given type used by the specific entity alone. The numbers listed outside of parentheses indicate the total resources of the given type used by the specific entity and all of its sub-entities in the hierarchy.


Encoding Type:  One-Hot
+-------------------------------------------------------------------------------+
; State Machine - |Lock_System_Top|Top_LCD:u_lcd_display|disp_state             ;
+---------------+---------------+---------------+---------------+---------------+
; Name          ; disp_state.11 ; disp_state.10 ; disp_state.01 ; disp_state.00 ;
+---------------+---------------+---------------+---------------+---------------+
; disp_state.00 ; 0             ; 0             ; 0             ; 0             ;
; disp_state.01 ; 0             ; 0             ; 1             ; 1             ;
; disp_state.10 ; 0             ; 1             ; 0             ; 1             ;
; disp_state.11 ; 1             ; 0             ; 0             ; 1             ;
+---------------+---------------+---------------+---------------+---------------+


Encoding Type:  One-Hot
+------------------------------------------------------------------------------------------------------------------------------------+
; State Machine - |Lock_System_Top|Top_LCD:u_lcd_display|LCD_Controller:u_lcd|state                                                  ;
+--------------------+-----------------+------------+--------------------+---------------+------------+-----------------+------------+
; Name               ; state.SEND_HOLD ; state.SEND ; state.SET_POS_HOLD ; state.SET_POS ; state.IDLE ; state.INIT_HOLD ; state.INIT ;
+--------------------+-----------------+------------+--------------------+---------------+------------+-----------------+------------+
; state.INIT         ; 0               ; 0          ; 0                  ; 0             ; 0          ; 0               ; 0          ;
; state.INIT_HOLD    ; 0               ; 0          ; 0                  ; 0             ; 0          ; 1               ; 1          ;
; state.IDLE         ; 0               ; 0          ; 0                  ; 0             ; 1          ; 0               ; 1          ;
; state.SET_POS      ; 0               ; 0          ; 0                  ; 1             ; 0          ; 0               ; 1          ;
; state.SET_POS_HOLD ; 0               ; 0          ; 1                  ; 0             ; 0          ; 0               ; 1          ;
; state.SEND         ; 0               ; 1          ; 0                  ; 0             ; 0          ; 0               ; 1          ;
; state.SEND_HOLD    ; 1               ; 0          ; 0                  ; 0             ; 0          ; 0               ; 1          ;
+--------------------+-----------------+------------+--------------------+---------------+------------+-----------------+------------+


Encoding Type:  One-Hot
+----------------------------------------------------------------------------------------------------------------------------+
; State Machine - |Lock_System_Top|Lock_Controller:u_control|state                                                           ;
+-----------------------+-------------------+-----------------------+-----------------+---------------------+----------------+
; Name                  ; state.S3_NEW_PASS ; state.S2_LOCK_PENALTY ; state.S1_UNLOCK ; state.S0_ENTER_PASS ; state.S4_WRONG ;
+-----------------------+-------------------+-----------------------+-----------------+---------------------+----------------+
; state.S0_ENTER_PASS   ; 0                 ; 0                     ; 0               ; 0                   ; 0              ;
; state.S1_UNLOCK       ; 0                 ; 0                     ; 1               ; 1                   ; 0              ;
; state.S2_LOCK_PENALTY ; 0                 ; 1                     ; 0               ; 1                   ; 0              ;
; state.S3_NEW_PASS     ; 1                 ; 0                     ; 0               ; 1                   ; 0              ;
; state.S4_WRONG        ; 0                 ; 0                     ; 0               ; 1                   ; 1              ;
+-----------------------+-------------------+-----------------------+-----------------+---------------------+----------------+


Encoding Type:  One-Hot
+-----------------------------------------------------------------+
; State Machine - |Lock_System_Top|keypad_scanner:u_scanner|state ;
+----------+----------+----------+----------+---------------------+
; Name     ; state.11 ; state.10 ; state.01 ; state.00            ;
+----------+----------+----------+----------+---------------------+
; state.00 ; 0        ; 0        ; 0        ; 0                   ;
; state.01 ; 0        ; 0        ; 1        ; 1                   ;
; state.10 ; 0        ; 1        ; 0        ; 1                   ;
; state.11 ; 1        ; 0        ; 0        ; 1                   ;
+----------+----------+----------+----------+---------------------+


+------------------------------------------------------------------------------------------------------------+
; Registers Removed During Synthesis                                                                         ;
+-----------------------------------------------------+------------------------------------------------------+
; Register name                                       ; Reason for Removal                                   ;
+-----------------------------------------------------+------------------------------------------------------+
; Top_LCD:u_lcd_display|line2_buffer[0][7]            ; Stuck at GND due to stuck port data_in               ;
; Top_LCD:u_lcd_display|line2_buffer[1][7]            ; Stuck at GND due to stuck port data_in               ;
; Top_LCD:u_lcd_display|line2_buffer[2][7]            ; Stuck at GND due to stuck port data_in               ;
; Top_LCD:u_lcd_display|line2_buffer[3][7]            ; Stuck at GND due to stuck port data_in               ;
; Top_LCD:u_lcd_display|line2_buffer[4][7]            ; Stuck at GND due to stuck port data_in               ;
; Top_LCD:u_lcd_display|line2_buffer[5][7]            ; Stuck at GND due to stuck port data_in               ;
; Top_LCD:u_lcd_display|line2_buffer[10][7]           ; Stuck at GND due to stuck port data_in               ;
; Top_LCD:u_lcd_display|line2_buffer[11][7]           ; Stuck at GND due to stuck port data_in               ;
; Top_LCD:u_lcd_display|line2_buffer[12][7]           ; Stuck at GND due to stuck port data_in               ;
; Top_LCD:u_lcd_display|line2_buffer[13][7]           ; Stuck at GND due to stuck port data_in               ;
; Top_LCD:u_lcd_display|line2_buffer[14][7]           ; Stuck at GND due to stuck port data_in               ;
; Top_LCD:u_lcd_display|line2_buffer[15][7]           ; Stuck at GND due to stuck port data_in               ;
; Top_LCD:u_lcd_display|line2_buffer[2][5]            ; Merged with Top_LCD:u_lcd_display|line2_buffer[2][4] ;
; Top_LCD:u_lcd_display|line2_buffer[3][5]            ; Merged with Top_LCD:u_lcd_display|line2_buffer[3][4] ;
; Top_LCD:u_lcd_display|line2_buffer[4][5]            ; Merged with Top_LCD:u_lcd_display|line2_buffer[4][4] ;
; Top_LCD:u_lcd_display|line2_buffer[6][7]            ; Stuck at GND due to stuck port data_in               ;
; Top_LCD:u_lcd_display|line2_buffer[7][7]            ; Stuck at GND due to stuck port data_in               ;
; Top_LCD:u_lcd_display|line2_buffer[8][7]            ; Stuck at GND due to stuck port data_in               ;
; Top_LCD:u_lcd_display|line2_buffer[9][7]            ; Stuck at GND due to stuck port data_in               ;
; Top_LCD:u_lcd_display|line2_buffer[0][6]            ; Stuck at VCC due to stuck port clock_enable          ;
; Top_LCD:u_lcd_display|line2_buffer[0][5]            ; Stuck at GND due to stuck port clock_enable          ;
; Top_LCD:u_lcd_display|line2_buffer[0][4]            ; Stuck at VCC due to stuck port clock_enable          ;
; Top_LCD:u_lcd_display|line2_buffer[0][3]            ; Stuck at GND due to stuck port clock_enable          ;
; Top_LCD:u_lcd_display|line2_buffer[0][2]            ; Stuck at GND due to stuck port clock_enable          ;
; Top_LCD:u_lcd_display|line2_buffer[0][1]            ; Stuck at GND due to stuck port clock_enable          ;
; Top_LCD:u_lcd_display|line2_buffer[0][0]            ; Stuck at GND due to stuck port clock_enable          ;
; Top_LCD:u_lcd_display|line2_buffer[1][6]            ; Stuck at VCC due to stuck port clock_enable          ;
; Top_LCD:u_lcd_display|line2_buffer[1][5]            ; Stuck at VCC due to stuck port clock_enable          ;
; Top_LCD:u_lcd_display|line2_buffer[1][4]            ; Stuck at GND due to stuck port clock_enable          ;
; Top_LCD:u_lcd_display|line2_buffer[1][3]            ; Stuck at GND due to stuck port clock_enable          ;
; Top_LCD:u_lcd_display|line2_buffer[1][2]            ; Stuck at GND due to stuck port clock_enable          ;
; Top_LCD:u_lcd_display|line2_buffer[1][1]            ; Stuck at GND due to stuck port clock_enable          ;
; Top_LCD:u_lcd_display|line2_buffer[1][0]            ; Stuck at VCC due to stuck port clock_enable          ;
; Top_LCD:u_lcd_display|line2_buffer[2][6]            ; Stuck at VCC due to stuck port clock_enable          ;
; Top_LCD:u_lcd_display|line2_buffer[2][4]            ; Stuck at VCC due to stuck port clock_enable          ;
; Top_LCD:u_lcd_display|line2_buffer[2][3]            ; Stuck at GND due to stuck port clock_enable          ;
; Top_LCD:u_lcd_display|line2_buffer[2][2]            ; Stuck at GND due to stuck port clock_enable          ;
; Top_LCD:u_lcd_display|line2_buffer[2][1]            ; Stuck at VCC due to stuck port clock_enable          ;
; Top_LCD:u_lcd_display|line2_buffer[2][0]            ; Stuck at VCC due to stuck port clock_enable          ;
; Top_LCD:u_lcd_display|line2_buffer[3][6]            ; Stuck at VCC due to stuck port clock_enable          ;
; Top_LCD:u_lcd_display|line2_buffer[3][4]            ; Stuck at VCC due to stuck port clock_enable          ;
; Top_LCD:u_lcd_display|line2_buffer[3][3]            ; Stuck at GND due to stuck port clock_enable          ;
; Top_LCD:u_lcd_display|line2_buffer[3][2]            ; Stuck at GND due to stuck port clock_enable          ;
; Top_LCD:u_lcd_display|line2_buffer[3][1]            ; Stuck at VCC due to stuck port clock_enable          ;
; Top_LCD:u_lcd_display|line2_buffer[3][0]            ; Stuck at VCC due to stuck port clock_enable          ;
; Top_LCD:u_lcd_display|line2_buffer[4][6]            ; Stuck at GND due to stuck port clock_enable          ;
; Top_LCD:u_lcd_display|line2_buffer[4][4]            ; Stuck at VCC due to stuck port clock_enable          ;
; Top_LCD:u_lcd_display|line2_buffer[4][3]            ; Stuck at VCC due to stuck port clock_enable          ;
; Top_LCD:u_lcd_display|line2_buffer[4][2]            ; Stuck at GND due to stuck port clock_enable          ;
; Top_LCD:u_lcd_display|line2_buffer[4][1]            ; Stuck at VCC due to stuck port clock_enable          ;
; Top_LCD:u_lcd_display|line2_buffer[4][0]            ; Stuck at GND due to stuck port clock_enable          ;
; Top_LCD:u_lcd_display|line2_buffer[5][6]            ; Stuck at GND due to stuck port clock_enable          ;
; Top_LCD:u_lcd_display|line2_buffer[5][5]            ; Stuck at VCC due to stuck port clock_enable          ;
; Top_LCD:u_lcd_display|line2_buffer[5][4]            ; Stuck at GND due to stuck port clock_enable          ;
; Top_LCD:u_lcd_display|line2_buffer[5][3]            ; Stuck at GND due to stuck port clock_enable          ;
; Top_LCD:u_lcd_display|line2_buffer[5][2]            ; Stuck at GND due to stuck port clock_enable          ;
; Top_LCD:u_lcd_display|line2_buffer[5][1]            ; Stuck at GND due to stuck port clock_enable          ;
; Top_LCD:u_lcd_display|line2_buffer[5][0]            ; Stuck at GND due to stuck port clock_enable          ;
; Top_LCD:u_lcd_display|line2_buffer[14][6]           ; Stuck at GND due to stuck port clock_enable          ;
; Top_LCD:u_lcd_display|line2_buffer[14][5]           ; Stuck at VCC due to stuck port clock_enable          ;
; Top_LCD:u_lcd_display|line2_buffer[14][4]           ; Stuck at GND due to stuck port clock_enable          ;
; Top_LCD:u_lcd_display|line2_buffer[14][3]           ; Stuck at GND due to stuck port clock_enable          ;
; Top_LCD:u_lcd_display|line2_buffer[14][2]           ; Stuck at GND due to stuck port clock_enable          ;
; Top_LCD:u_lcd_display|line2_buffer[14][1]           ; Stuck at GND due to stuck port clock_enable          ;
; Top_LCD:u_lcd_display|line2_buffer[14][0]           ; Stuck at GND due to stuck port clock_enable          ;
; Top_LCD:u_lcd_display|line2_buffer[15][6]           ; Stuck at GND due to stuck port clock_enable          ;
; Top_LCD:u_lcd_display|line2_buffer[15][5]           ; Stuck at VCC due to stuck port clock_enable          ;
; Top_LCD:u_lcd_display|line2_buffer[15][4]           ; Stuck at GND due to stuck port clock_enable          ;
; Top_LCD:u_lcd_display|line2_buffer[15][3]           ; Stuck at GND due to stuck port clock_enable          ;
; Top_LCD:u_lcd_display|line2_buffer[15][2]           ; Stuck at GND due to stuck port clock_enable          ;
; Top_LCD:u_lcd_display|line2_buffer[15][1]           ; Stuck at GND due to stuck port clock_enable          ;
; Top_LCD:u_lcd_display|line2_buffer[15][0]           ; Stuck at GND due to stuck port clock_enable          ;
; Top_LCD:u_lcd_display|lcd_data_in[7]                ; Stuck at GND due to stuck port data_in               ;
; Top_LCD:u_lcd_display|line2_buffer[10][0]           ; Stuck at GND due to stuck port clock_enable          ;
; Top_LCD:u_lcd_display|line2_buffer[11][0]           ; Stuck at GND due to stuck port clock_enable          ;
; Top_LCD:u_lcd_display|line2_buffer[12][0]           ; Stuck at GND due to stuck port clock_enable          ;
; Top_LCD:u_lcd_display|line2_buffer[13][0]           ; Stuck at GND due to stuck port clock_enable          ;
; Top_LCD:u_lcd_display|line2_buffer[10][1]           ; Stuck at GND due to stuck port clock_enable          ;
; Top_LCD:u_lcd_display|line2_buffer[11][1]           ; Stuck at GND due to stuck port clock_enable          ;
; Top_LCD:u_lcd_display|line2_buffer[12][1]           ; Stuck at GND due to stuck port clock_enable          ;
; Top_LCD:u_lcd_display|line2_buffer[13][1]           ; Stuck at GND due to stuck port clock_enable          ;
; Top_LCD:u_lcd_display|line2_buffer[10][2]           ; Stuck at GND due to stuck port clock_enable          ;
; Top_LCD:u_lcd_display|line2_buffer[11][2]           ; Stuck at GND due to stuck port clock_enable          ;
; Top_LCD:u_lcd_display|line2_buffer[12][2]           ; Stuck at GND due to stuck port clock_enable          ;
; Top_LCD:u_lcd_display|line2_buffer[13][2]           ; Stuck at GND due to stuck port clock_enable          ;
; Top_LCD:u_lcd_display|line2_buffer[10][3]           ; Stuck at GND due to stuck port clock_enable          ;
; Top_LCD:u_lcd_display|line2_buffer[11][3]           ; Stuck at GND due to stuck port clock_enable          ;
; Top_LCD:u_lcd_display|line2_buffer[12][3]           ; Stuck at GND due to stuck port clock_enable          ;
; Top_LCD:u_lcd_display|line2_buffer[13][3]           ; Stuck at GND due to stuck port clock_enable          ;
; Top_LCD:u_lcd_display|line2_buffer[10][4]           ; Stuck at GND due to stuck port clock_enable          ;
; Top_LCD:u_lcd_display|line2_buffer[11][4]           ; Stuck at GND due to stuck port clock_enable          ;
; Top_LCD:u_lcd_display|line2_buffer[12][4]           ; Stuck at GND due to stuck port clock_enable          ;
; Top_LCD:u_lcd_display|line2_buffer[13][4]           ; Stuck at GND due to stuck port clock_enable          ;
; Top_LCD:u_lcd_display|line2_buffer[10][5]           ; Stuck at VCC due to stuck port clock_enable          ;
; Top_LCD:u_lcd_display|line2_buffer[11][5]           ; Stuck at VCC due to stuck port clock_enable          ;
; Top_LCD:u_lcd_display|line2_buffer[12][5]           ; Stuck at VCC due to stuck port clock_enable          ;
; Top_LCD:u_lcd_display|line2_buffer[13][5]           ; Stuck at VCC due to stuck port clock_enable          ;
; Top_LCD:u_lcd_display|line2_buffer[10][6]           ; Stuck at GND due to stuck port clock_enable          ;
; Top_LCD:u_lcd_display|line2_buffer[11][6]           ; Stuck at GND due to stuck port clock_enable          ;
; Top_LCD:u_lcd_display|line2_buffer[12][6]           ; Stuck at GND due to stuck port clock_enable          ;
; Top_LCD:u_lcd_display|line2_buffer[13][6]           ; Stuck at GND due to stuck port clock_enable          ;
; Top_LCD:u_lcd_display|disp_state~8                  ; Lost fanout                                          ;
; Top_LCD:u_lcd_display|disp_state~9                  ; Lost fanout                                          ;
; Top_LCD:u_lcd_display|LCD_Controller:u_lcd|state~11 ; Lost fanout                                          ;
; Top_LCD:u_lcd_display|LCD_Controller:u_lcd|state~12 ; Lost fanout                                          ;
; Top_LCD:u_lcd_display|LCD_Controller:u_lcd|state~13 ; Lost fanout                                          ;
; Lock_Controller:u_control|state~7                   ; Lost fanout                                          ;
; Lock_Controller:u_control|state~8                   ; Lost fanout                                          ;
; keypad_scanner:u_scanner|state~6                    ; Lost fanout                                          ;
; keypad_scanner:u_scanner|state~7                    ; Lost fanout                                          ;
; Top_LCD:u_lcd_display|LCD_Controller:u_lcd|count[3] ; Stuck at GND due to stuck port data_in               ;
; Total Number of Removed Registers = 111             ;                                                      ;
+-----------------------------------------------------+------------------------------------------------------+


+---------------------------------------------------------------------------------------------------------------+
; Removed Registers Triggering Further Register Optimizations                                                   ;
+------------------------------------------+---------------------------+----------------------------------------+
; Register name                            ; Reason for Removal        ; Registers Removed due to This Register ;
+------------------------------------------+---------------------------+----------------------------------------+
; Top_LCD:u_lcd_display|line2_buffer[0][7] ; Stuck at GND              ; Top_LCD:u_lcd_display|lcd_data_in[7]   ;
;                                          ; due to stuck port data_in ;                                        ;
+------------------------------------------+---------------------------+----------------------------------------+


+------------------------------------------------------+
; General Register Statistics                          ;
+----------------------------------------------+-------+
; Statistic                                    ; Value ;
+----------------------------------------------+-------+
; Total registers                              ; 208   ;
; Number of registers using Synchronous Clear  ; 53    ;
; Number of registers using Synchronous Load   ; 8     ;
; Number of registers using Asynchronous Clear ; 59    ;
; Number of registers using Asynchronous Load  ; 0     ;
; Number of registers using Clock Enable       ; 131   ;
; Number of registers using Preset             ; 0     ;
+----------------------------------------------+-------+


+----------------------------------------------------+
; Inverted Register Statistics                       ;
+------------------------------------------+---------+
; Inverted Register                        ; Fan out ;
+------------------------------------------+---------+
; Top_LCD:u_lcd_display|line2_buffer[9][5] ; 2       ;
; Top_LCD:u_lcd_display|line2_buffer[8][5] ; 2       ;
; Top_LCD:u_lcd_display|line2_buffer[7][5] ; 2       ;
; Top_LCD:u_lcd_display|line2_buffer[6][5] ; 2       ;
; Top_LCD:u_lcd_display|refresh_tick       ; 4       ;
; Top_LCD:u_lcd_display|btn_status_prev    ; 2       ;
; Top_LCD:u_lcd_display|btn_digit_prev     ; 3       ;
; Total number of inverted registers = 7   ;         ;
+------------------------------------------+---------+


+---------------------------------------------------------------------------------------------------------------------------------------------------------------------------------------+
; Multiplexer Restructuring Statistics (Restructuring Performed)                                                                                                                        ;
+--------------------+-----------+---------------+----------------------+------------------------+------------+-------------------------------------------------------------------------+
; Multiplexer Inputs ; Bus Width ; Baseline Area ; Area if Restructured ; Saving if Restructured ; Registered ; Example Multiplexer Output                                              ;
+--------------------+-----------+---------------+----------------------+------------------------+------------+-------------------------------------------------------------------------+
; 3:1                ; 6 bits    ; 12 LEs        ; 0 LEs                ; 12 LEs                 ; Yes        ; |Lock_System_Top|Top_LCD:u_lcd_display|line2_buffer[6][1]               ;
; 3:1                ; 6 bits    ; 12 LEs        ; 6 LEs                ; 6 LEs                  ; Yes        ; |Lock_System_Top|Top_LCD:u_lcd_display|line2_buffer[8][0]               ;
; 3:1                ; 6 bits    ; 12 LEs        ; 6 LEs                ; 6 LEs                  ; Yes        ; |Lock_System_Top|Top_LCD:u_lcd_display|line2_buffer[7][0]               ;
; 3:1                ; 6 bits    ; 12 LEs        ; 6 LEs                ; 6 LEs                  ; Yes        ; |Lock_System_Top|Top_LCD:u_lcd_display|line2_buffer[9][1]               ;
; 4:1                ; 2 bits    ; 4 LEs         ; 4 LEs                ; 0 LEs                  ; Yes        ; |Lock_System_Top|Top_LCD:u_lcd_display|LCD_Controller:u_lcd|LCD_DATA[5] ;
; 4:1                ; 4 bits    ; 8 LEs         ; 8 LEs                ; 0 LEs                  ; Yes        ; |Lock_System_Top|Top_LCD:u_lcd_display|LCD_Controller:u_lcd|LCD_DATA[0] ;
; 6:1                ; 5 bits    ; 20 LEs        ; 5 LEs                ; 15 LEs                 ; Yes        ; |Lock_System_Top|Top_LCD:u_lcd_display|char_idx[0]                      ;
; 8:1                ; 3 bits    ; 15 LEs        ; 3 LEs                ; 12 LEs                 ; Yes        ; |Lock_System_Top|Lock_Controller:u_control|wrong_count[0]               ;
; 9:1                ; 30 bits   ; 180 LEs       ; 30 LEs               ; 150 LEs                ; Yes        ; |Lock_System_Top|Lock_Controller:u_control|delay_timer[12]              ;
; 11:1               ; 3 bits    ; 21 LEs        ; 3 LEs                ; 18 LEs                 ; Yes        ; |Lock_System_Top|Lock_Controller:u_control|digit_count[2]               ;
; 14:1               ; 16 bits   ; 144 LEs       ; 16 LEs               ; 128 LEs                ; Yes        ; |Lock_System_Top|Lock_Controller:u_control|entered_pass[9]              ;
; 16:1               ; 3 bits    ; 30 LEs        ; 12 LEs               ; 18 LEs                 ; Yes        ; |Lock_System_Top|Lock_Controller:u_control|lcd_status[2]                ;
; 7:1                ; 2 bits    ; 8 LEs         ; 4 LEs                ; 4 LEs                  ; No         ; |Lock_System_Top|Top_LCD:u_lcd_display|Selector2                        ;
; 7:1                ; 2 bits    ; 8 LEs         ; 6 LEs                ; 2 LEs                  ; No         ; |Lock_System_Top|Top_LCD:u_lcd_display|Selector0                        ;
; 16:1               ; 2 bits    ; 20 LEs        ; 8 LEs                ; 12 LEs                 ; No         ; |Lock_System_Top|Lock_Controller:u_control|state                        ;
; 16:1               ; 3 bits    ; 30 LEs        ; 12 LEs               ; 18 LEs                 ; No         ; |Lock_System_Top|Lock_Controller:u_control|state                        ;
+--------------------+-----------+---------------+----------------------+------------------------+------------+-------------------------------------------------------------------------+


+-------------------------------+
; Elapsed Time Per Partition    ;
+----------------+--------------+
; Partition Name ; Elapsed Time ;
+----------------+--------------+
; Top            ; 00:00:01     ;
+----------------+--------------+


+-------------------------------+
; Analysis & Synthesis Messages ;
+-------------------------------+
Info: *******************************************************************
Info: Running Quartus II 64-Bit Analysis & Synthesis
    Info: Version 13.0.1 Build 232 06/12/2013 Service Pack 1 SJ Web Edition
    Info: Processing started: Thu May 07 10:25:29 2026
Info: Command: quartus_map --read_settings_files=on --write_settings_files=off Do_an -c Do_an
Warning (20028): Parallel compilation is not licensed and has been disabled
Info (12021): Found 1 design units, including 1 entities, in source file top_lcd.v
    Info (12023): Found entity 1: Top_LCD
Info (12021): Found 1 design units, including 1 entities, in source file lcd_controller.v
    Info (12023): Found entity 1: LCD_Controller
Info (12021): Found 1 design units, including 1 entities, in source file keypad_top.v
    Info (12023): Found entity 1: keypad_top
Info (12021): Found 1 design units, including 1 entities, in source file keypad_scanner.v
    Info (12023): Found entity 1: keypad_scanner
Info (12021): Found 1 design units, including 1 entities, in source file hex_decoder.v
    Info (12023): Found entity 1: hex_decoder
Info (12021): Found 1 design units, including 1 entities, in source file clk_divider.v
    Info (12023): Found entity 1: clk_divider
Info (12021): Found 1 design units, including 1 entities, in source file lock_controller.v
    Info (12023): Found entity 1: Lock_Controller
Info (12021): Found 1 design units, including 1 entities, in source file lock_system_top.v
    Info (12023): Found entity 1: Lock_System_Top
Info (12127): Elaborating entity "Lock_System_Top" for the top level hierarchy
Info (12128): Elaborating entity "clk_divider" for hierarchy "clk_divider:u_clk_div"
Warning (10230): Verilog HDL assignment warning at clk_divider.v(14): truncated value with size 32 to match size of target (16)
Info (12128): Elaborating entity "keypad_scanner" for hierarchy "keypad_scanner:u_scanner"
Info (12128): Elaborating entity "Lock_Controller" for hierarchy "Lock_Controller:u_control"
Warning (10230): Verilog HDL assignment warning at Lock_Controller.v(66): truncated value with size 32 to match size of target (3)
Warning (10230): Verilog HDL assignment warning at Lock_Controller.v(76): truncated value with size 32 to match size of target (3)
Warning (10230): Verilog HDL assignment warning at Lock_Controller.v(119): truncated value with size 32 to match size of target (3)
Warning (10230): Verilog HDL assignment warning at Lock_Controller.v(135): truncated value with size 32 to match size of target (30)
Warning (10230): Verilog HDL assignment warning at Lock_Controller.v(147): truncated value with size 32 to match size of target (30)
Info (12128): Elaborating entity "Top_LCD" for hierarchy "Top_LCD:u_lcd_display"
Warning (10230): Verilog HDL assignment warning at Top_LCD.v(89): truncated value with size 32 to match size of target (3)
Warning (10230): Verilog HDL assignment warning at Top_LCD.v(141): truncated value with size 32 to match size of target (5)
Info (12128): Elaborating entity "LCD_Controller" for hierarchy "Top_LCD:u_lcd_display|LCD_Controller:u_lcd"
Warning (10230): Verilog HDL assignment warning at LCD_Controller.v(24): truncated value with size 32 to match size of target (16)
Warning (10230): Verilog HDL assignment warning at LCD_Controller.v(76): truncated value with size 32 to match size of target (4)
Info (13000): Registers with preset signals will power-up high
Info (13003): DEV_CLRn pin will set, and not reset, register with preset signal due to NOT Gate Push-Back
Warning (13024): Output pins are stuck at VCC or GND
    Warning (13410): Pin "LCD_RW" is stuck at GND
    Warning (13410): Pin "LCD_ON" is stuck at VCC
Info (17049): 9 registers lost all their fanouts during netlist optimizations.
Info (144001): Generated suppressed messages file C:/Users/tgiah/HDL/doan/Digital-Lock-Using-Altera-DE2-board/output_files/Do_an.map.smsg
Info (16010): Generating hard_block partition "hard_block:auto_generated_inst"
    Info (16011): Adding 0 node(s), including 0 DDIO, 0 PLL, 0 transceiver and 0 LCELL
Info (21057): Implemented 448 device resources after synthesis - the final resource count might be different
    Info (21058): Implemented 6 input pins
    Info (21059): Implemented 16 output pins
    Info (21061): Implemented 426 logic cells
Info: Quartus II 64-Bit Analysis & Synthesis was successful. 0 errors, 14 warnings
    Info: Peak virtual memory: 4615 megabytes
    Info: Processing ended: Thu May 07 10:25:32 2026
    Info: Elapsed time: 00:00:03
    Info: Total CPU time (on all processors): 00:00:03


+------------------------------------------+
; Analysis & Synthesis Suppressed Messages ;
+------------------------------------------+
The suppressed messages can be found in C:/Users/tgiah/HDL/doan/Digital-Lock-Using-Altera-DE2-board/output_files/Do_an.map.smsg.


