Flow report for Do_an
Thu May 07 10:25:46 2026
Quartus II 64-Bit Version 13.0.1 Build 232 06/12/2013 Service Pack 1 SJ Web Edition


---------------------
; Table of Contents ;
---------------------
  1. Legal Notice
  2. Flow Summary
  3. Flow Settings
  4. Flow Non-Default Global Settings
  5. Flow Elapsed Time
  6. Flow OS Summary
  7. Flow Log
  8. Flow Messages
  9. Flow Suppressed Messages



----------------
; Legal Notice ;
----------------
Copyright (C) 1991-2013 Altera Corporation
Your use of Altera Corporation's design tools, logic functions 
and other software and tools, and its AMPP partner logic 
functions, and any output files from any of the foregoing 
(including device programming or simulation files), and any 
associated documentation or information are expressly subject 
to the terms and conditions of the Altera Program License 
Subscription Agreement, Altera MegaCore Function License 
Agreement, or other applicable license agreement, including, 
without limitation, that your use is for the sole purpose of 
programming logic devices manufactured by Altera and sold by 
Altera or its authorized distributors.  Please refer to the 
applicable agreement for further details.



+--------------------------------------------------------------------------------------+
; Flow Summary                                                                         ;
+------------------------------------+-------------------------------------------------+
; Flow Status                        ; Successful - Thu May 07 10:25:44 2026           ;
; Quartus II 64-Bit Version          ; 13.0.1 Build 232 06/12/2013 SP 1 SJ Web Edition ;
; Revision Name                      ; Do_an                                           ;
; Top-level Entity Name              ; Lock_System_Top                                 ;
; Family                             ; Cyclone II                                      ;
; Device                             ; EP2C35F672C8                                    ;
; Timing Models                      ; Final                                           ;
; Total logic elements               ; 395 / 33,216 ( 1 % )                            ;
;     Total combinational functions  ; 371 / 33,216 ( 1 % )                            ;
;     Dedicated logic registers      ; 208 / 33,216 ( < 1 % )                          ;
; Total registers                    ; 208                                             ;
; Total pins                         ; 22 / 475 ( 5 % )                                ;
; Total virtual pins                 ; 0                                               ;
; Total memory bits                  ; 0 / 483,840 ( 0 % )                             ;
; Embedded Multiplier 9-bit elements ; 0 / 70 ( 0 % )                                  ;
; Total PLLs                         ; 0 / 4 ( 0 % )                                   ;
+------------------------------------+-------------------------------------------------+


+-----------------------------------------+
; Flow Settings                           ;
+-------------------+---------------------+
; Option            ; Setting             ;
+-------------------+---------------------+
; Start date & time ; 05/07/2026 10:25:29 ;
; Main task         ; Compilation         ;
; Revision Name     ; Do_an               ;
+-------------------+---------------------+


+---------------------------------------------------------------------------------------------------------------------+
; Flow Non-Default Global Settings                                                                                    ;
+-------------------------------------+--------------------------------+---------------+-----------------+------------+
; Assignment Name                     ; Value                          ; Default Value ; Entity Name     ; Section Id ;
+-------------------------------------+--------------------------------+---------------+-----------------+------------+
; COMPILER_SIGNATURE_ID               ; 10995770589196.177812432910416 ; --            ; --              ; --         ;
; MAX_CORE_JUNCTION_TEMP              ; 85                             ; --            ; --              ; --         ;
; MIN_CORE_JUNCTION_TEMP              ; 0                              ; --            ; --              ; --         ;
; PARTITION_COLOR                     ; 16764057                       ; --            ; Lock_System_Top ; Top        ;
; PARTITION_FITTER_PRESERVATION_LEVEL ; PLACEMENT_AND_ROUTING          ; --            ; Lock_System_Top ; Top        ;
; PARTITION_NETLIST_TYPE              ; SOURCE                         ; --            ; Lock_System_Top ; Top        ;
; PROJECT_OUTPUT_DIRECTORY            ; output_files                   ; --            ; --              ; --         ;
; TOP_LEVEL_ENTITY                    ; Lock_System_Top                ; Do_an         ; --              ; --         ;
+-------------------------------------+--------------------------------+---------------+-----------------+------------+


+-------------------------------------------------------------------------------------------------------------------------------+
; Flow Elapsed Time                                                                                                             ;
+---------------------------+--------------+-------------------------+---------------------+------------------------------------+
; Module Name               ; Elapsed Time ; Average Processors Used ; Peak Virtual Memory ; Total CPU Time (on all processors) ;
+---------------------------+--------------+-------------------------+---------------------+------------------------------------+
; Analysis & Synthesis      ; 00:00:02     ; 1.0                     ; 4604 MB             ; 00:00:03                           ;
; Fitter                    ; 00:00:08     ; 1.0                     ; 4888 MB             ; 00:00:08                           ;
; Assembler                 ; 00:00:02     ; 1.0                     ; 4573 MB             ; 00:00:02                           ;
; TimeQuest Timing Analyzer ; 00:00:01     ; 1.0                     ; 4559 MB             ; 00:00:01                           ;
; Total                     ; 00:00:13     ; --                      ; --                  ; 00:00:14                           ;
+---------------------------+--------------+-------------------------+---------------------+------------------------------------+


+----------------------------------------------------------------------------------------+
; Flow OS Summary                                                                        ;
+---------------------------+------------------+-----------+------------+----------------+
; Module Name               ; Machine Hostname ; OS Name   ; OS Version ; Processor type ;
+---------------------------+------------------+-----------+------------+----------------+
; Analysis & Synthesis      ; DESKTOP-K2MT2DN  ; Windows 7 ; 6.2        ; x86_64         ;
; Fitter                    ; DESKTOP-K2MT2DN  ; Windows 7 ; 6.2        ; x86_64         ;
; Assembler                 ; DESKTOP-K2MT2DN  ; Windows 7 ; 6.2        ; x86_64         ;
; TimeQuest Timing Analyzer ; DESKTOP-K2MT2DN  ; Windows 7 ; 6.2        ; x86_64         ;
+---------------------------+------------------+-----------+------------+----------------+


------------
; Flow Log ;
------------
quartus_map --read_settings_files=on --write_settings_files=off Do_an -c Do_an
quartus_fit --read_settings_files=off --write_settings_files=off Do_an -c Do_an
quartus_asm --read_settings_files=off --write_settings_files=off Do_an -c Do_an
quartus_sta Do_an -c Do_an



